INFO: [guild] Found 0 previous trial(s) for use in optimization
> /home/garrett/SCM/guild/guild/plugins/skopt_gp_main.py(42)_init_trial()
-> res = util.log_apply(
(Pdb)  37  	
 38  	def _init_trial(trial, state):
 39  	    import skopt
 40  	    random_starts, x0, y0, dims = state.minimize_inputs(trial.run_id)
 41  	    import pdb;pdb.set_trace()
 42  ->	    res = util.log_apply(
 43  	        skopt.gp_minimize,
 44  	        lambda *args: 0,
 45  	        dims,
 46  	        n_calls=1,
 47  	        n_random_starts=random_starts,
(Pdb) [[7], [1], [True], [1024], [0.0382], [1], [51.1301], [26.8084], [0], [0.93], [100], [1.0], [1.0], [244]]
(Pdb) > /home/garrett/SCM/guild/guild/plugins/skopt_gp_main.py(43)_init_trial()
-> skopt.gp_minimize,
(Pdb) > /home/garrett/SCM/guild/guild/plugins/skopt_gp_main.py(44)_init_trial()
-> lambda *args: 0,
(Pdb) > /home/garrett/SCM/guild/guild/plugins/skopt_gp_main.py(45)_init_trial()
-> dims,
(Pdb) > /home/garrett/SCM/guild/guild/plugins/skopt_gp_main.py(46)_init_trial()
-> n_calls=1,
(Pdb) > /home/garrett/SCM/guild/guild/plugins/skopt_gp_main.py(47)_init_trial()
-> n_random_starts=random_starts,
(Pdb) > /home/garrett/SCM/guild/guild/plugins/skopt_gp_main.py(48)_init_trial()
-> x0=x0,
(Pdb) > /home/garrett/SCM/guild/guild/plugins/skopt_gp_main.py(49)_init_trial()
-> y0=y0,
(Pdb) > /home/garrett/SCM/guild/guild/plugins/skopt_gp_main.py(50)_init_trial()
-> random_state=state.random_state,
(Pdb) > /home/garrett/SCM/guild/guild/plugins/skopt_gp_main.py(51)_init_trial()
-> acq_func=state.batch_flags["acq-func"],
(Pdb) > /home/garrett/SCM/guild/guild/plugins/skopt_gp_main.py(52)_init_trial()
-> kappa=state.batch_flags["kappa"],
(Pdb) > /home/garrett/SCM/guild/guild/plugins/skopt_gp_main.py(53)_init_trial()
-> xi=state.batch_flags["xi"],
(Pdb) > /home/garrett/SCM/guild/guild/plugins/skopt_gp_main.py(54)_init_trial()
-> noise=state.batch_flags["noise"])
(Pdb) > /home/garrett/SCM/guild/guild/plugins/skopt_gp_main.py(55)_init_trial()
-> state.random_state = res.random_state
(Pdb)  50  	        random_state=state.random_state,
 51  	        acq_func=state.batch_flags["acq-func"],
 52  	        kappa=state.batch_flags["kappa"],
 53  	        xi=state.batch_flags["xi"],
 54  	        noise=state.batch_flags["noise"])
 55  ->	    state.random_state = res.random_state
 56  	    return skopt_util.trial_flags(state.flag_names, res.x_iters[-1])
 57  	
 58  	if __name__ == "__main__":
 59  	    skopt_util.default_main(_init_trial)
[EOF]
(Pdb) [7, 1, True, 1024, 0.0382, 1, 51.1301, 26.8084, 0, 0.93, 100, 1.0, 1.0, 244]
INFO: [guild] Initialized trial 515966ca (batch_size=7, captions_per_image=1, delete_captions_pickle=yes, embedding_dim=1024, encoder_lr=0.0382, epochs=1, gamma2=51.1301, gamma3=26.8084, gpu=0, rnn_grad_clip=0.93, snapshot-interval=100, train_split=1.0, validation_split=1.0, words_num=244)
INFO: [guild] Running trial 515966ca: damsm:pretrain (batch_size=7, captions_per_image=1, delete_captions_pickle=yes, embedding_dim=1024, encoder_lr=0.0382, epochs=1, gamma2=51.1301, gamma3=26.8084, gpu=0, rnn_grad_clip=0.93, snapshot-interval=100, train_split=1.0, validation_split=1.0, words_num=244)
Resolving config dependency
Resolving data dependency
/home/garrett/SCM/AttnGAN/code/miscc/config.py:106: YAMLLoadWarning: calling yaml.load() without Loader=... is deprecated, as the default Loader is unsafe. Please read https://msg.pyyaml.org/load for full details.
  yaml_cfg = edict(yaml.load(f))
(Pdb) Using config:
{'B_VALIDATION': False,
 'CONFIG_NAME': 'DAMSM',
 'CUDA': True,
 'DATASET_NAME': 'photosynthesis',
 'DATA_DIR': 'photosynthesis',
 'GAN': {'B_ATTENTION': True,
         'B_DCGAN': False,
         'CONDITION_DIM': 100,
         'DF_DIM': 64,
         'GF_DIM': 128,
         'R_NUM': 2,
         'Z_DIM': 100},
 'GPU_ID': 0,
 'OUTPUT_DIR': 'output',
 'RNN_TYPE': 'LSTM',
 'TEXT': {'CAPTIONS_PER_IMAGE': 1, 'EMBEDDING_DIM': 1024, 'WORDS_NUM': 244},
 'TRAIN': {'BATCH_SIZE': 7,
           'B_NET_D': True,
           'DISCRIMINATOR_LR': 0.0002,
           'ENCODER_LR': 0.0382,
           'FLAG': True,
           'GENERATOR_LR': 0.0002,
           'MAX_EPOCH': 1,
           'NET_E': '',
           'NET_G': '',
           'RNN_GRAD_CLIP': 0.93,
INFO: [root] Number of text files: 7
DEBUG: [root] Deleting file: photosynthesis/captions.pickle
DEBUG: [root] splitType: test 
DEBUG: [root] Deleting file: photosynthesis/test/filenames.pickle
DEBUG: [root] Number of items in pickled list: 7
DEBUG: [root] splitType: train 
DEBUG: [root] Deleting file: photosynthesis/train/filenames.pickle
DEBUG: [root] Number of items in pickled list: 7
INFO: [root] FINISHED WRITING TEXT TO <<{'test': 'photosynthesis/test/filenames.pickle', 'train': 'photosynthesis/train/filenames.pickle'}>>
           'SMOOTH': {'GAMMA1': 168.6969,
                      'GAMMA2': 51.1301,
                      'GAMMA3': 26.8084,
                      'LAMBDA': 1.0},
           'SNAPSHOT_INTERVAL': 100},
 'TRAIN_SPLIT': 1.0,
 'TREE': {'BASE_SIZE': 5, 'BRANCH_NUM': 1},
 'VALIDATION_SPLIT': 1.0,
 'WORKERS': 1}
photosynthesis/filenames.txt
Number of Train files: 7
Number of Test files: 7
Split Directory: photosynthesis/train
DEBUG: [root] data_dir: photosynthesis
Load filenames from: photosynthesis/train/filenames.pickle (7)
Load filenames from: photosynthesis/test/filenames.pickle (7)
DEBUG: [root] Check if captions.pickle does not exists
Save to:  photosynthesis/captions.pickle
data_dir Directory: photosynthesis
Number words: 244
Embedding Number: 1
Split Directory: photosynthesis/test
Load filenames from: photosynthesis/train/filenames.pickle (7)
Load filenames from: photosynthesis/test/filenames.pickle (7)
DEBUG: [root] data_dir: photosynthesis
DEBUG: [root] Check if captions.pickle does not exists
DEBUG: [root] captions.pickle exists
DEBUG: [root] Loading pickle text file names: photosynthesis/captions.pickle
Load from:  photosynthesis/captions.pickle
data_dir Directory: photosynthesis
/home/garrett/SCM/AttnGAN/code/env/lib/python3.5/site-packages/torch/nn/modules/rnn.py:46: UserWarning: dropout option adds dropout after all but last recurrent layer, so non-zero dropout expects num_layers greater than 1, but got dropout=0.5 and num_layers=1
  "num_layers={}".format(dropout, num_layers))
Load pretrained model from  https://download.pytorch.org/models/inception_v3_google-1a9a5a14.pth
| epoch   0 |     0/    1 batches | ms/batch 63.25 | s_loss  0.01  0.01 | w_loss  0.14  0.07
att_sze equal to 17
DEBUG: [PIL.PngImagePlugin] STREAM b'IHDR' 16 13
DEBUG: [PIL.PngImagePlugin] STREAM b'IDAT' 41 1216
-----------------------------------------------------------------------------------------
| end epoch   0 | valid loss 423.23 7008.60 | lr 0.03820|
-----------------------------------------------------------------------------------------
Save G/Ds models.
INFO: [guild] Found 1 previous trial(s) for use in optimization
> /home/garrett/SCM/guild/guild/plugins/skopt_gp_main.py(42)_init_trial()
-> res = util.log_apply(
(Pdb) [Categorical(categories=(7,), prior=None), Categorical(categories=(1,), prior=None), Categorical(categories=(True,), prior=None), Categorical(categories=(1024,), prior=None), Categorical(categories=(0.0382,), prior=None), Categorical(categories=(1,), prior=None), Categorical(categories=(51.1301,), prior=None), Categorical(categories=(26.8084,), prior=None), Categorical(categories=(0,), prior=None), Categorical(categories=(0.93,), prior=None), Categorical(categories=(100,), prior=None), Categorical(categories=(1.0,), prior=None), Categorical(categories=(1.0,), prior=None), Categorical(categories=(244,), prior=None)]
(Pdb)  37  	
 38  	def _init_trial(trial, state):
 39  	    import skopt
 40  	    random_starts, x0, y0, dims = state.minimize_inputs(trial.run_id)
 41  	    import pdb;pdb.set_trace()
 42  ->	    res = util.log_apply(
 43  	        skopt.gp_minimize,
 44  	        lambda *args: 0,
 45  	        dims,
 46  	        n_calls=1,
 47  	        n_random_starts=random_starts,
(Pdb) > /home/garrett/SCM/guild/guild/plugins/skopt_gp_main.py(43)_init_trial()
-> skopt.gp_minimize,
(Pdb) > /home/garrett/SCM/guild/guild/plugins/skopt_gp_main.py(44)_init_trial()
-> lambda *args: 0,
(Pdb) > /home/garrett/SCM/guild/guild/plugins/skopt_gp_main.py(45)_init_trial()
-> dims,
(Pdb) > /home/garrett/SCM/guild/guild/plugins/skopt_gp_main.py(46)_init_trial()
-> n_calls=1,
(Pdb) > /home/garrett/SCM/guild/guild/plugins/skopt_gp_main.py(47)_init_trial()
-> n_random_starts=random_starts,
(Pdb) > /home/garrett/SCM/guild/guild/plugins/skopt_gp_main.py(48)_init_trial()
-> x0=x0,
(Pdb) > /home/garrett/SCM/guild/guild/plugins/skopt_gp_main.py(49)_init_trial()
-> y0=y0,
(Pdb) > /home/garrett/SCM/guild/guild/plugins/skopt_gp_main.py(50)_init_trial()
-> random_state=state.random_state,
(Pdb) > /home/garrett/SCM/guild/guild/plugins/skopt_gp_main.py(51)_init_trial()
-> acq_func=state.batch_flags["acq-func"],
(Pdb) > /home/garrett/SCM/guild/guild/plugins/skopt_gp_main.py(52)_init_trial()
-> kappa=state.batch_flags["kappa"],
(Pdb) > /home/garrett/SCM/guild/guild/plugins/skopt_gp_main.py(53)_init_trial()
-> xi=state.batch_flags["xi"],
(Pdb) > /home/garrett/SCM/guild/guild/plugins/skopt_gp_main.py(54)_init_trial()
-> noise=state.batch_flags["noise"])
(Pdb) > /home/garrett/SCM/guild/guild/plugins/skopt_gp_main.py(55)_init_trial()
-> state.random_state = res.random_state
(Pdb)  50  	        random_state=state.random_state,
 51  	        acq_func=state.batch_flags["acq-func"],
 52  	        kappa=state.batch_flags["kappa"],
 53  	        xi=state.batch_flags["xi"],
 54  	        noise=state.batch_flags["noise"])
 55  ->	    state.random_state = res.random_state
 56  	    return skopt_util.trial_flags(state.flag_names, res.x_iters[-1])
 57  	
 58  	if __name__ == "__main__":
 59  	    skopt_util.default_main(_init_trial)
[EOF]
(Pdb) [7.0, 1.0, 1.0, 1024.0, 0.0382, 1.0, 51.1301, 26.8084, 0.0, 0.93, 100.0, 1.0, 1.0, 244.0]
(Pdb) [[7, 1, True, 1024, 0.0382, 1, 51.1301, 26.8084, 0, 0.93, 100, 1.0, 1.0, 244]]
(Pdb) [EOF]
(Pdb) 0
INFO: [guild] Initialized trial 515966cb (batch_size=7.0, captions_per_image=1.0, delete_captions_pickle=1.0, embedding_dim=1024.0, encoder_lr=0.0382, epochs=1.0, gamma2=51.1301, gamma3=26.8084, gpu=0.0, rnn_grad_clip=0.93, snapshot-interval=100.0, train_split=1.0, validation_split=1.0, words_num=244.0)
INFO: [guild] Running trial 515966cb: damsm:pretrain (batch_size=7.0, captions_per_image=1.0, delete_captions_pickle=1.0, embedding_dim=1024.0, encoder_lr=0.0382, epochs=1.0, gamma2=51.1301, gamma3=26.8084, gpu=0.0, rnn_grad_clip=0.93, snapshot-interval=100.0, train_split=1.0, validation_split=1.0, words_num=244.0)
Resolving config dependency
Resolving data dependency
usage: pretrain_DAMSM.py [-h] [--cfg CFG_FILE] [--gpu GPU_ID]
                         [--data_dir DATA_DIR] [--output_dir OUTPUT_DIR]
                         [--manualSeed MANUALSEED] [--batch_size BATCH_SIZE]
                         [--delete_captions_pickle]
                         [--train_split TRAIN_SPLIT]
                         [--validation_split VALIDATION_SPLIT]
                         [--embedding_dim EMBEDDING_DIM]
                         [--captions_per_image CAPTIONS_PER_IMAGE]
                         [--words_num WORDS_NUM]
                         [--snapshot_interval SNAPSHOT_INTERVAL]
                         [--max_epoch MAX_EPOCH]
                         [--snapshot-interval SNAPSHOT_INTERVAL]
                         [--encoder_lr ENCODER_LR]
                         [--rnn_grad_clip RNN_GRAD_CLIP] [--gamma1 GAMMA1]
                         [--gamma2 GAMMA2] [--gamma3 GAMMA3]
pretrain_DAMSM.py: error: argument --batch_size: invalid int value: '7.0'
ERROR: [guild] Run 515966cb822011e9b16de4a471939b0d failed - see logs for details
